2025-08-27T01:33:07.8149600Z Current runner version: '2.328.0'
2025-08-27T01:33:07.8173477Z ##[group]Runner Image Provisioner
2025-08-27T01:33:07.8174204Z Hosted Compute Agent
2025-08-27T01:33:07.8174831Z Version: 20250818.377
2025-08-27T01:33:07.8175448Z Commit: 3c593e9f75fe0b87e893bca80d6e12ba089c61fc
2025-08-27T01:33:07.8176142Z Build Date: 2025-08-18T14:52:18Z
2025-08-27T01:33:07.8176766Z ##[endgroup]
2025-08-27T01:33:07.8177270Z ##[group]Operating System
2025-08-27T01:33:07.8177823Z Ubuntu
2025-08-27T01:33:07.8178247Z 24.04.2
2025-08-27T01:33:07.8178768Z LTS
2025-08-27T01:33:07.8179435Z ##[endgroup]
2025-08-27T01:33:07.8179916Z ##[group]Runner Image
2025-08-27T01:33:07.8180544Z Image: ubuntu-24.04
2025-08-27T01:33:07.8181010Z Version: 20250818.1.0
2025-08-27T01:33:07.8182001Z Included Software: https://github.com/actions/runner-images/blob/ubuntu24/20250818.1/images/ubuntu/Ubuntu2404-Readme.md
2025-08-27T01:33:07.8183650Z Image Release: https://github.com/actions/runner-images/releases/tag/ubuntu24%2F20250818.1
2025-08-27T01:33:07.8184609Z ##[endgroup]
2025-08-27T01:33:07.8185765Z ##[group]GITHUB_TOKEN Permissions
2025-08-27T01:33:07.8187539Z Contents: read
2025-08-27T01:33:07.8188179Z Metadata: read
2025-08-27T01:33:07.8188674Z Packages: read
2025-08-27T01:33:07.8189452Z ##[endgroup]
2025-08-27T01:33:07.8191500Z Secret source: Actions
2025-08-27T01:33:07.8192361Z Prepare workflow directory
2025-08-27T01:33:07.8584028Z Prepare all required actions
2025-08-27T01:33:07.8621989Z Getting action download info
2025-08-27T01:33:08.2247705Z Download action repository 'actions/checkout@v4' (SHA:08eba0b27e820071cde6df949e0beb9ba4906955)
2025-08-27T01:33:08.4917023Z Download action repository 'actions/setup-node@v4' (SHA:49933ea5288caeca8642d1e84afbd3f7d6820020)
2025-08-27T01:33:08.5782849Z Download action repository 'actions/upload-artifact@v4' (SHA:ea165f8d65b6e75b540449e92b4886f43607fa02)
2025-08-27T01:33:08.7632448Z Complete job name: Run Tests
2025-08-27T01:33:08.8301109Z ##[group]Run actions/checkout@v4
2025-08-27T01:33:08.8301947Z with:
2025-08-27T01:33:08.8302438Z   repository: jayvicsanantonio/ai-timeline-automation
2025-08-27T01:33:08.8303177Z   token: ***
2025-08-27T01:33:08.8303540Z   ssh-strict: true
2025-08-27T01:33:08.8303911Z   ssh-user: git
2025-08-27T01:33:08.8304286Z   persist-credentials: true
2025-08-27T01:33:08.8304720Z   clean: true
2025-08-27T01:33:08.8305098Z   sparse-checkout-cone-mode: true
2025-08-27T01:33:08.8305572Z   fetch-depth: 1
2025-08-27T01:33:08.8305943Z   fetch-tags: false
2025-08-27T01:33:08.8306332Z   show-progress: true
2025-08-27T01:33:08.8306716Z   lfs: false
2025-08-27T01:33:08.8307068Z   submodules: false
2025-08-27T01:33:08.8307455Z   set-safe-directory: true
2025-08-27T01:33:08.8308061Z env:
2025-08-27T01:33:08.8308417Z   NODE_VERSION: 18
2025-08-27T01:33:08.8308796Z   TIMEZONE: UTC
2025-08-27T01:33:08.8309320Z ##[endgroup]
2025-08-27T01:33:08.9353671Z Syncing repository: jayvicsanantonio/ai-timeline-automation
2025-08-27T01:33:08.9355461Z ##[group]Getting Git version info
2025-08-27T01:33:08.9356291Z Working directory is '/home/runner/work/ai-timeline-automation/ai-timeline-automation'
2025-08-27T01:33:08.9357399Z [command]/usr/bin/git version
2025-08-27T01:33:08.9420917Z git version 2.51.0
2025-08-27T01:33:08.9447181Z ##[endgroup]
2025-08-27T01:33:08.9462646Z Temporarily overriding HOME='/home/runner/work/_temp/d4b63f1c-c8ba-41d4-98ca-607bc3209ed2' before making global git config changes
2025-08-27T01:33:08.9465003Z Adding repository directory to the temporary git global config as a safe directory
2025-08-27T01:33:08.9476376Z [command]/usr/bin/git config --global --add safe.directory /home/runner/work/ai-timeline-automation/ai-timeline-automation
2025-08-27T01:33:08.9512287Z Deleting the contents of '/home/runner/work/ai-timeline-automation/ai-timeline-automation'
2025-08-27T01:33:08.9515894Z ##[group]Initializing the repository
2025-08-27T01:33:08.9521092Z [command]/usr/bin/git init /home/runner/work/ai-timeline-automation/ai-timeline-automation
2025-08-27T01:33:08.9616493Z hint: Using 'master' as the name for the initial branch. This default branch name
2025-08-27T01:33:08.9618149Z hint: is subject to change. To configure the initial branch name to use in all
2025-08-27T01:33:08.9619739Z hint: of your new repositories, which will suppress this warning, call:
2025-08-27T01:33:08.9620730Z hint:
2025-08-27T01:33:08.9621244Z hint: 	git config --global init.defaultBranch <name>
2025-08-27T01:33:08.9622249Z hint:
2025-08-27T01:33:08.9623221Z hint: Names commonly chosen instead of 'master' are 'main', 'trunk' and
2025-08-27T01:33:08.9624819Z hint: 'development'. The just-created branch can be renamed via this command:
2025-08-27T01:33:08.9626066Z hint:
2025-08-27T01:33:08.9626771Z hint: 	git branch -m <name>
2025-08-27T01:33:08.9627569Z hint:
2025-08-27T01:33:08.9628550Z hint: Disable this message with "git config set advice.defaultBranchName false"
2025-08-27T01:33:08.9630762Z Initialized empty Git repository in /home/runner/work/ai-timeline-automation/ai-timeline-automation/.git/
2025-08-27T01:33:08.9634353Z [command]/usr/bin/git remote add origin https://github.com/jayvicsanantonio/ai-timeline-automation
2025-08-27T01:33:08.9670078Z ##[endgroup]
2025-08-27T01:33:08.9671247Z ##[group]Disabling automatic garbage collection
2025-08-27T01:33:08.9675015Z [command]/usr/bin/git config --local gc.auto 0
2025-08-27T01:33:08.9703324Z ##[endgroup]
2025-08-27T01:33:08.9704483Z ##[group]Setting up auth
2025-08-27T01:33:08.9710940Z [command]/usr/bin/git config --local --name-only --get-regexp core\.sshCommand
2025-08-27T01:33:08.9740981Z [command]/usr/bin/git submodule foreach --recursive sh -c "git config --local --name-only --get-regexp 'core\.sshCommand' && git config --local --unset-all 'core.sshCommand' || :"
2025-08-27T01:33:09.0069658Z [command]/usr/bin/git config --local --name-only --get-regexp http\.https\:\/\/github\.com\/\.extraheader
2025-08-27T01:33:09.0099489Z [command]/usr/bin/git submodule foreach --recursive sh -c "git config --local --name-only --get-regexp 'http\.https\:\/\/github\.com\/\.extraheader' && git config --local --unset-all 'http.https://github.com/.extraheader' || :"
2025-08-27T01:33:09.0316360Z [command]/usr/bin/git config --local http.https://github.com/.extraheader AUTHORIZATION: basic ***
2025-08-27T01:33:09.0349638Z ##[endgroup]
2025-08-27T01:33:09.0350860Z ##[group]Fetching the repository
2025-08-27T01:33:09.0367608Z [command]/usr/bin/git -c protocol.version=2 fetch --no-tags --prune --no-recurse-submodules --depth=1 origin +35ba0721a8ae12d7b9882a37968143960e85000a:refs/remotes/origin/main
2025-08-27T01:33:09.3943545Z From https://github.com/jayvicsanantonio/ai-timeline-automation
2025-08-27T01:33:09.3945331Z  * [new ref]         35ba0721a8ae12d7b9882a37968143960e85000a -> origin/main
2025-08-27T01:33:09.3980677Z ##[endgroup]
2025-08-27T01:33:09.3981924Z ##[group]Determining the checkout info
2025-08-27T01:33:09.3983358Z ##[endgroup]
2025-08-27T01:33:09.3987762Z [command]/usr/bin/git sparse-checkout disable
2025-08-27T01:33:09.4037848Z [command]/usr/bin/git config --local --unset-all extensions.worktreeConfig
2025-08-27T01:33:09.4070509Z ##[group]Checking out the ref
2025-08-27T01:33:09.4073109Z [command]/usr/bin/git checkout --progress --force -B main refs/remotes/origin/main
2025-08-27T01:33:09.4199625Z Switched to a new branch 'main'
2025-08-27T01:33:09.4201896Z branch 'main' set up to track 'origin/main'.
2025-08-27T01:33:09.4207554Z ##[endgroup]
2025-08-27T01:33:09.4241494Z [command]/usr/bin/git log -1 --format=%H
2025-08-27T01:33:09.4262966Z 35ba0721a8ae12d7b9882a37968143960e85000a
2025-08-27T01:33:09.4542367Z ##[group]Run actions/setup-node@v4
2025-08-27T01:33:09.4543366Z with:
2025-08-27T01:33:09.4543999Z   node-version: 18
2025-08-27T01:33:09.4544707Z   cache: npm
2025-08-27T01:33:09.4545372Z   always-auth: false
2025-08-27T01:33:09.4546112Z   check-latest: false
2025-08-27T01:33:09.4547127Z   token: ***
2025-08-27T01:33:09.4547765Z env:
2025-08-27T01:33:09.4548367Z   NODE_VERSION: 18
2025-08-27T01:33:09.4549259Z   TIMEZONE: UTC
2025-08-27T01:33:09.4549949Z ##[endgroup]
2025-08-27T01:33:09.6533224Z Found in cache @ /opt/hostedtoolcache/node/18.20.8/x64
2025-08-27T01:33:09.6537225Z ##[group]Environment details
2025-08-27T01:33:12.3394795Z node: v18.20.8
2025-08-27T01:33:12.3395295Z npm: 10.8.2
2025-08-27T01:33:12.3395641Z yarn: 1.22.22
2025-08-27T01:33:12.3396995Z ##[endgroup]
2025-08-27T01:33:12.3423841Z [command]/opt/hostedtoolcache/node/18.20.8/x64/bin/npm config get cache
2025-08-27T01:33:12.7130966Z /home/runner/.npm
2025-08-27T01:33:12.8773422Z Cache hit for: node-cache-Linux-x64-npm-9a184c0137eb37835a41e0e67607ffeb692d32010b5dd5bc1072141397c26497
2025-08-27T01:33:13.8396416Z Received 29932461 of 29932461 (100.0%), 38.5 MBs/sec
2025-08-27T01:33:13.8397139Z Cache Size: ~29 MB (29932461 B)
2025-08-27T01:33:13.8427319Z [command]/usr/bin/tar -xf /home/runner/work/_temp/8b397783-5bf2-4ce2-ac17-1735e7262cf4/cache.tzst -P -C /home/runner/work/ai-timeline-automation/ai-timeline-automation --use-compress-program unzstd
2025-08-27T01:33:13.9692074Z Cache restored successfully
2025-08-27T01:33:13.9755403Z Cache restored from key: node-cache-Linux-x64-npm-9a184c0137eb37835a41e0e67607ffeb692d32010b5dd5bc1072141397c26497
2025-08-27T01:33:13.9911555Z ##[group]Run npm ci
2025-08-27T01:33:13.9911847Z [36;1mnpm ci[0m
2025-08-27T01:33:14.0080659Z shell: /usr/bin/bash -e {0}
2025-08-27T01:33:14.0080951Z env:
2025-08-27T01:33:14.0081132Z   NODE_VERSION: 18
2025-08-27T01:33:14.0081322Z   TIMEZONE: UTC
2025-08-27T01:33:14.0081508Z ##[endgroup]
2025-08-27T01:33:18.5249648Z npm warn EBADENGINE Unsupported engine {
2025-08-27T01:33:18.5250667Z npm warn EBADENGINE   package: 'eventsource-parser@3.0.5',
2025-08-27T01:33:18.5251503Z npm warn EBADENGINE   required: { node: '>=20.0.0' },
2025-08-27T01:33:18.5252383Z npm warn EBADENGINE   current: { node: 'v18.20.8', npm: '10.8.2' }
2025-08-27T01:33:18.5253044Z npm warn EBADENGINE }
2025-08-27T01:33:19.9171583Z npm warn deprecated inflight@1.0.6: This module is not supported, and leaks memory. Do not use it. Check out lru-cache if you want a good and tested way to coalesce async requests by a key value, which is much more comprehensive and powerful.
2025-08-27T01:33:20.0185125Z npm warn deprecated @humanwhocodes/config-array@0.13.0: Use @eslint/config-array instead
2025-08-27T01:33:20.0247071Z npm warn deprecated rimraf@3.0.2: Rimraf versions prior to v4 are no longer supported
2025-08-27T01:33:20.0899792Z npm warn deprecated glob@7.2.3: Glob versions prior to v9 are no longer supported
2025-08-27T01:33:20.0971159Z npm warn deprecated @humanwhocodes/object-schema@2.0.3: Use @eslint/object-schema instead
2025-08-27T01:33:20.3655060Z npm warn deprecated node-domexception@1.0.0: Use your platform's native DOMException instead
2025-08-27T01:33:21.1673682Z npm warn deprecated eslint@8.57.1: This version is no longer supported. Please see https://eslint.org/version-support for other options.
2025-08-27T01:33:21.5515676Z 
2025-08-27T01:33:21.5516367Z > ai-timeline-automation@1.0.0 prepare
2025-08-27T01:33:21.5516752Z > npm run build
2025-08-27T01:33:21.5516905Z 
2025-08-27T01:33:21.6844456Z 
2025-08-27T01:33:21.6845169Z > ai-timeline-automation@1.0.0 prebuild
2025-08-27T01:33:21.6845875Z > npm run clean
2025-08-27T01:33:21.6846127Z 
2025-08-27T01:33:21.8084244Z 
2025-08-27T01:33:21.8084909Z > ai-timeline-automation@1.0.0 clean
2025-08-27T01:33:21.8085419Z > rm -rf dist
2025-08-27T01:33:21.8085615Z 
2025-08-27T01:33:21.8204516Z 
2025-08-27T01:33:21.8205005Z > ai-timeline-automation@1.0.0 build
2025-08-27T01:33:21.8205500Z > tsc
2025-08-27T01:33:21.8205674Z 
2025-08-27T01:33:24.6723686Z 
2025-08-27T01:33:24.6724409Z added 497 packages, and audited 498 packages in 11s
2025-08-27T01:33:24.6724820Z 
2025-08-27T01:33:24.6726164Z 80 packages are looking for funding
2025-08-27T01:33:24.6726762Z   run `npm fund` for details
2025-08-27T01:33:24.6742241Z 
2025-08-27T01:33:24.6742488Z found 0 vulnerabilities
2025-08-27T01:33:24.7179911Z ##[group]Run npm test
2025-08-27T01:33:24.7180208Z [36;1mnpm test[0m
2025-08-27T01:33:24.7222157Z shell: /usr/bin/bash -e {0}
2025-08-27T01:33:24.7222393Z env:
2025-08-27T01:33:24.7222759Z   NODE_VERSION: 18
2025-08-27T01:33:24.7222945Z   TIMEZONE: UTC
2025-08-27T01:33:24.7223119Z ##[endgroup]
2025-08-27T01:33:24.8634169Z 
2025-08-27T01:33:24.8634759Z > ai-timeline-automation@1.0.0 test
2025-08-27T01:33:24.8635237Z > jest
2025-08-27T01:33:24.8635409Z 
2025-08-27T01:33:31.0711011Z PASS src/utils/__tests__/logger.test.ts (5.001 s)
2025-08-27T01:33:31.9299764Z PASS src/github/__tests__/timeline-reader.test.ts (5.95 s)
2025-08-27T01:33:31.9554736Z   ● Console
2025-08-27T01:33:31.9556096Z 
2025-08-27T01:33:31.9557437Z     console.log
2025-08-27T01:33:31.9559380Z       Fetching timeline from test-owner/test-repo/data/timeline-events.json
2025-08-27T01:33:31.9563296Z 
2025-08-27T01:33:31.9565759Z       at TimelineReader.fetchTimeline (src/github/timeline-reader.ts:74:15)
2025-08-27T01:33:31.9568343Z 
2025-08-27T01:33:31.9569983Z     console.log
2025-08-27T01:33:31.9572047Z       Successfully fetched 1 existing events
2025-08-27T01:33:31.9575655Z 
2025-08-27T01:33:31.9576189Z       at TimelineReader.fetchTimeline (src/github/timeline-reader.ts:109:15)
2025-08-27T01:33:31.9576725Z 
2025-08-27T01:33:31.9576870Z     console.log
2025-08-27T01:33:31.9577489Z       Fetching timeline from test-owner/test-repo/data/timeline-events.json
2025-08-27T01:33:31.9577979Z 
2025-08-27T01:33:31.9578413Z       at TimelineReader.fetchTimeline (src/github/timeline-reader.ts:74:15)
2025-08-27T01:33:31.9578914Z 
2025-08-27T01:33:31.9579264Z     console.log
2025-08-27T01:33:31.9579723Z       Timeline file not found, assuming empty timeline
2025-08-27T01:33:31.9580118Z 
2025-08-27T01:33:31.9580557Z       at TimelineReader.fetchTimeline (src/github/timeline-reader.ts:120:17)
2025-08-27T01:33:31.9581080Z 
2025-08-27T01:33:31.9581211Z     console.log
2025-08-27T01:33:31.9581825Z       Fetching timeline from test-owner/test-repo/data/timeline-events.json
2025-08-27T01:33:31.9582304Z 
2025-08-27T01:33:31.9582726Z       at TimelineReader.fetchTimeline (src/github/timeline-reader.ts:74:15)
2025-08-27T01:33:31.9583270Z 
2025-08-27T01:33:31.9583478Z     console.log
2025-08-27T01:33:31.9583930Z       Successfully fetched 1 existing events
2025-08-27T01:33:31.9584277Z 
2025-08-27T01:33:31.9584734Z       at TimelineReader.fetchTimeline (src/github/timeline-reader.ts:109:15)
2025-08-27T01:33:31.9585257Z 
2025-08-27T01:33:31.9585417Z     console.log
2025-08-27T01:33:31.9586031Z       Fetching timeline from test-owner/test-repo/data/timeline-events.json
2025-08-27T01:33:31.9586502Z 
2025-08-27T01:33:31.9586939Z       at TimelineReader.fetchTimeline (src/github/timeline-reader.ts:74:15)
2025-08-27T01:33:31.9587431Z 
2025-08-27T01:33:31.9587585Z     console.error
2025-08-27T01:33:31.9588070Z       Error fetching timeline: Error: Expected a file but got a directory at data/timeline-events.json
2025-08-27T01:33:31.9588939Z           at TimelineReader.fetchTimeline (/home/runner/work/ai-timeline-automation/ai-timeline-automation/src/github/timeline-reader.ts:88:15)
2025-08-27T01:33:31.9589949Z           at processTicksAndRejections (node:internal/process/task_queues:95:5)
2025-08-27T01:33:31.9590766Z           at Object.<anonymous> (/home/runner/work/ai-timeline-automation/ai-timeline-automation/src/github/__tests__/timeline-reader.test.ts:130:7)
2025-08-27T01:33:31.9591273Z 
2025-08-27T01:33:31.9591644Z     [0m [90m 136 |[39m       }
2025-08-27T01:33:31.9592146Z      [90m 137 |[39m
2025-08-27T01:33:31.9593221Z     [31m[1m>[22m[39m[90m 138 |[39m       console[33m.[39merror([32m'Error fetching timeline:'[39m[33m,[39m error)[33m;[39m
2025-08-27T01:33:31.9594233Z      [90m     |[39m               [31m[1m^[22m[39m
2025-08-27T01:33:31.9595415Z      [90m 139 |[39m       [36mthrow[39m [36mnew[39m [33mError[39m([32m`Failed to fetch timeline: ${error.message}`[39m)[33m;[39m
2025-08-27T01:33:31.9596812Z      [90m 140 |[39m     }
2025-08-27T01:33:31.9597358Z      [90m 141 |[39m   }[0m
2025-08-27T01:33:31.9597632Z 
2025-08-27T01:33:31.9598092Z       at TimelineReader.fetchTimeline (src/github/timeline-reader.ts:138:15)
2025-08-27T01:33:31.9599598Z       at Object.<anonymous> (src/github/__tests__/timeline-reader.test.ts:130:7)
2025-08-27T01:33:31.9600118Z 
2025-08-27T01:33:31.9600268Z     console.log
2025-08-27T01:33:31.9600881Z       Fetching timeline from test-owner/test-repo/data/timeline-events.json
2025-08-27T01:33:31.9601361Z 
2025-08-27T01:33:31.9601779Z       at TimelineReader.fetchTimeline (src/github/timeline-reader.ts:74:15)
2025-08-27T01:33:31.9602280Z 
2025-08-27T01:33:31.9602430Z     console.error
2025-08-27T01:33:31.9602910Z       Error fetching timeline: Error: Network error
2025-08-27T01:33:31.9604157Z           at Object.<anonymous> (/home/runner/work/ai-timeline-automation/ai-timeline-automation/src/github/__tests__/timeline-reader.test.ts:137:9)
2025-08-27T01:33:31.9606014Z           at Promise.then.completed (/home/runner/work/ai-timeline-automation/ai-timeline-automation/node_modules/jest-circus/build/utils.js:298:28)
2025-08-27T01:33:31.9607154Z           at new Promise (<anonymous>)
2025-08-27T01:33:31.9608351Z           at callAsyncCircusFn (/home/runner/work/ai-timeline-automation/ai-timeline-automation/node_modules/jest-circus/build/utils.js:231:10)
2025-08-27T01:33:31.9610314Z           at _callCircusTest (/home/runner/work/ai-timeline-automation/ai-timeline-automation/node_modules/jest-circus/build/run.js:316:40)
2025-08-27T01:33:31.9611675Z           at processTicksAndRejections (node:internal/process/task_queues:95:5)
2025-08-27T01:33:31.9613030Z           at _runTest (/home/runner/work/ai-timeline-automation/ai-timeline-automation/node_modules/jest-circus/build/run.js:252:3)
2025-08-27T01:33:31.9614826Z           at _runTestsForDescribeBlock (/home/runner/work/ai-timeline-automation/ai-timeline-automation/node_modules/jest-circus/build/run.js:126:9)
2025-08-27T01:33:31.9616747Z           at _runTestsForDescribeBlock (/home/runner/work/ai-timeline-automation/ai-timeline-automation/node_modules/jest-circus/build/run.js:121:9)
2025-08-27T01:33:31.9618640Z           at _runTestsForDescribeBlock (/home/runner/work/ai-timeline-automation/ai-timeline-automation/node_modules/jest-circus/build/run.js:121:9)
2025-08-27T01:33:31.9620521Z           at run (/home/runner/work/ai-timeline-automation/ai-timeline-automation/node_modules/jest-circus/build/run.js:71:3)
2025-08-27T01:33:31.9622583Z           at runAndTransformResultsToJestFormat (/home/runner/work/ai-timeline-automation/ai-timeline-automation/node_modules/jest-circus/build/legacy-code-todo-rewrite/jestAdapterInit.js:122:21)
2025-08-27T01:33:31.9624927Z           at jestAdapter (/home/runner/work/ai-timeline-automation/ai-timeline-automation/node_modules/jest-circus/build/legacy-code-todo-rewrite/jestAdapter.js:79:19)
2025-08-27T01:33:31.9626862Z           at runTestInternal (/home/runner/work/ai-timeline-automation/ai-timeline-automation/node_modules/jest-runner/build/runTest.js:367:16)
2025-08-27T01:33:31.9628584Z           at runTest (/home/runner/work/ai-timeline-automation/ai-timeline-automation/node_modules/jest-runner/build/runTest.js:444:34)
2025-08-27T01:33:31.9630511Z           at Object.worker (/home/runner/work/ai-timeline-automation/ai-timeline-automation/node_modules/jest-runner/build/testWorker.js:106:12)
2025-08-27T01:33:31.9631418Z 
2025-08-27T01:33:31.9631759Z     [0m [90m 136 |[39m       }
2025-08-27T01:33:31.9632265Z      [90m 137 |[39m
2025-08-27T01:33:31.9633271Z     [31m[1m>[22m[39m[90m 138 |[39m       console[33m.[39merror([32m'Error fetching timeline:'[39m[33m,[39m error)[33m;[39m
2025-08-27T01:33:31.9633864Z      [90m     |[39m               [31m[1m^[22m[39m
2025-08-27T01:33:31.9634506Z      [90m 139 |[39m       [36mthrow[39m [36mnew[39m [33mError[39m([32m`Failed to fetch timeline: ${error.message}`[39m)[33m;[39m
2025-08-27T01:33:31.9634978Z      [90m 140 |[39m     }
2025-08-27T01:33:31.9635412Z      [90m 141 |[39m   }[0m
2025-08-27T01:33:31.9635591Z 
2025-08-27T01:33:31.9635841Z       at TimelineReader.fetchTimeline (src/github/timeline-reader.ts:138:15)
2025-08-27T01:33:31.9636513Z       at Object.<anonymous> (src/github/__tests__/timeline-reader.test.ts:140:7)
2025-08-27T01:33:31.9636786Z 
2025-08-27T01:33:32.2756154Z PASS src/collectors/__tests__/hackernews.test.ts
2025-08-27T01:33:32.2781369Z   ● Console
2025-08-27T01:33:32.2781864Z 
2025-08-27T01:33:32.2782343Z     console.error
2025-08-27T01:33:32.2783219Z       Error fetching HackerNews stories: Error: API Error
2025-08-27T01:33:32.2784752Z           at Object.<anonymous> (/home/runner/work/ai-timeline-automation/ai-timeline-automation/src/collectors/__tests__/hackernews.test.ts:163:45)
2025-08-27T01:33:32.2787040Z           at Promise.then.completed (/home/runner/work/ai-timeline-automation/ai-timeline-automation/node_modules/jest-circus/build/utils.js:298:28)
2025-08-27T01:33:32.2788347Z           at new Promise (<anonymous>)
2025-08-27T01:33:32.2789842Z           at callAsyncCircusFn (/home/runner/work/ai-timeline-automation/ai-timeline-automation/node_modules/jest-circus/build/utils.js:231:10)
2025-08-27T01:33:32.2791629Z           at _callCircusTest (/home/runner/work/ai-timeline-automation/ai-timeline-automation/node_modules/jest-circus/build/run.js:316:40)
2025-08-27T01:33:32.2797067Z           at processTicksAndRejections (node:internal/process/task_queues:95:5)
2025-08-27T01:33:32.2798368Z           at _runTest (/home/runner/work/ai-timeline-automation/ai-timeline-automation/node_modules/jest-circus/build/run.js:252:3)
2025-08-27T01:33:32.2800193Z           at _runTestsForDescribeBlock (/home/runner/work/ai-timeline-automation/ai-timeline-automation/node_modules/jest-circus/build/run.js:126:9)
2025-08-27T01:33:32.2801936Z           at _runTestsForDescribeBlock (/home/runner/work/ai-timeline-automation/ai-timeline-automation/node_modules/jest-circus/build/run.js:121:9)
2025-08-27T01:33:32.2803186Z           at _runTestsForDescribeBlock (/home/runner/work/ai-timeline-automation/ai-timeline-automation/node_modules/jest-circus/build/run.js:121:9)
2025-08-27T01:33:32.2804098Z           at run (/home/runner/work/ai-timeline-automation/ai-timeline-automation/node_modules/jest-circus/build/run.js:71:3)
2025-08-27T01:33:32.2805229Z           at runAndTransformResultsToJestFormat (/home/runner/work/ai-timeline-automation/ai-timeline-automation/node_modules/jest-circus/build/legacy-code-todo-rewrite/jestAdapterInit.js:122:21)
2025-08-27T01:33:32.2806508Z           at jestAdapter (/home/runner/work/ai-timeline-automation/ai-timeline-automation/node_modules/jest-circus/build/legacy-code-todo-rewrite/jestAdapter.js:79:19)
2025-08-27T01:33:32.2807562Z           at runTestInternal (/home/runner/work/ai-timeline-automation/ai-timeline-automation/node_modules/jest-runner/build/runTest.js:367:16)
2025-08-27T01:33:32.2808480Z           at runTest (/home/runner/work/ai-timeline-automation/ai-timeline-automation/node_modules/jest-runner/build/runTest.js:444:34)
2025-08-27T01:33:32.2809926Z           at Object.worker (/home/runner/work/ai-timeline-automation/ai-timeline-automation/node_modules/jest-runner/build/testWorker.js:106:12)
2025-08-27T01:33:32.2810847Z 
2025-08-27T01:33:32.2811181Z     [0m [90m 129 |[39m       
2025-08-27T01:33:32.2811772Z      [90m 130 |[39m     } [36mcatch[39m (error) {
2025-08-27T01:33:32.2813000Z     [31m[1m>[22m[39m[90m 131 |[39m       console[33m.[39merror([32m'Error fetching HackerNews stories:'[39m[33m,[39m error)[33m;[39m
2025-08-27T01:33:32.2814053Z      [90m     |[39m               [31m[1m^[22m[39m
2025-08-27T01:33:32.2814751Z      [90m 132 |[39m       [36mthrow[39m error[33m;[39m
2025-08-27T01:33:32.2815315Z      [90m 133 |[39m     }
2025-08-27T01:33:32.2815737Z      [90m 134 |[39m   }[0m
2025-08-27T01:33:32.2815997Z 
2025-08-27T01:33:32.2816462Z       at HackerNewsCollector.fetchEvents (src/collectors/hackernews.ts:131:15)
2025-08-27T01:33:32.2817773Z       at Object.<anonymous> (src/collectors/__tests__/hackernews.test.ts:165:7)
2025-08-27T01:33:32.2818346Z 
2025-08-27T01:33:32.7219710Z PASS src/types/__tests__/events.test.ts
2025-08-27T01:33:32.9472628Z PASS src/utils/__tests__/circuit-breaker.test.ts (6.915 s)
2025-08-27T01:33:32.9606070Z   ● Console
2025-08-27T01:33:32.9606643Z 
2025-08-27T01:33:32.9606957Z     console.error
2025-08-27T01:33:32.9607668Z       [CircuitBreaker] Service1 failure (1/1)
2025-08-27T01:33:32.9608236Z 
2025-08-27T01:33:32.9609463Z     [0m [90m 120 |[39m     [36mthis[39m[33m.[39mfailures [33m=[39m [36mthis[39m[33m.[39mfailureTimestamps[33m.[39mlength[33m;[39m
2025-08-27T01:33:32.9631737Z      [90m 121 |[39m     
2025-08-27T01:33:32.9632455Z     [31m[1m>[22m[39m[90m 122 |[39m     console[33m.[39merror(
2025-08-27T01:33:32.9633216Z      [90m     |[39m             [31m[1m^[22m[39m
2025-08-27T01:33:32.9634217Z      [90m 123 |[39m       [32m`[CircuitBreaker] ${this.config.serviceName} failure `[39m [33m+[39m
2025-08-27T01:33:32.9635351Z      [90m 124 |[39m       [32m`(${this.failures}/${this.config.failureThreshold})`[39m
2025-08-27T01:33:32.9636117Z      [90m 125 |[39m     )[33m;[39m[0m
2025-08-27T01:33:32.9636441Z 
2025-08-27T01:33:32.9636856Z       at CircuitBreaker.onFailure (src/utils/circuit-breaker.ts:122:13)
2025-08-27T01:33:32.9637708Z       at CircuitBreaker.execute (src/utils/circuit-breaker.ts:73:12)
2025-08-27T01:33:32.9638577Z       at Object.<anonymous> (src/utils/__tests__/circuit-breaker.test.ts:234:5)
2025-08-27T01:33:32.9639267Z 
2025-08-27T01:33:32.9639424Z     console.log
2025-08-27T01:33:32.9639902Z       [CircuitBreaker] Service1 transitioning to OPEN
2025-08-27T01:33:32.9640279Z 
2025-08-27T01:33:32.9640736Z       at CircuitBreaker.transitionToOpen (src/utils/circuit-breaker.ts:157:13)
2025-08-27T01:33:32.9641267Z 
2025-08-27T01:33:32.9641408Z     console.log
2025-08-27T01:33:32.9641979Z       [CircuitBreaker] Service1 will retry at 2025-08-27T01:34:32.939Z
2025-08-27T01:33:32.9642423Z 
2025-08-27T01:33:32.9642891Z       at CircuitBreaker.transitionToOpen (src/utils/circuit-breaker.ts:162:13)
2025-08-27T01:33:32.9643409Z 
2025-08-27T01:33:32.9643559Z     console.error
2025-08-27T01:33:32.9644004Z       [CircuitBreaker] Service2 failure (1/1)
2025-08-27T01:33:32.9644332Z 
2025-08-27T01:33:32.9645258Z     [0m [90m 120 |[39m     [36mthis[39m[33m.[39mfailures [33m=[39m [36mthis[39m[33m.[39mfailureTimestamps[33m.[39mlength[33m;[39m
2025-08-27T01:33:32.9646196Z      [90m 121 |[39m     
2025-08-27T01:33:32.9646869Z     [31m[1m>[22m[39m[90m 122 |[39m     console[33m.[39merror(
2025-08-27T01:33:32.9647577Z      [90m     |[39m             [31m[1m^[22m[39m
2025-08-27T01:33:32.9648528Z      [90m 123 |[39m       [32m`[CircuitBreaker] ${this.config.serviceName} failure `[39m [33m+[39m
2025-08-27T01:33:32.9649894Z      [90m 124 |[39m       [32m`(${this.failures}/${this.config.failureThreshold})`[39m
2025-08-27T01:33:32.9650616Z      [90m 125 |[39m     )[33m;[39m[0m
2025-08-27T01:33:32.9650913Z 
2025-08-27T01:33:32.9651306Z       at CircuitBreaker.onFailure (src/utils/circuit-breaker.ts:122:13)
2025-08-27T01:33:32.9652113Z       at CircuitBreaker.execute (src/utils/circuit-breaker.ts:73:12)
2025-08-27T01:33:32.9652927Z       at Object.<anonymous> (src/utils/__tests__/circuit-breaker.test.ts:235:5)
2025-08-27T01:33:32.9653406Z 
2025-08-27T01:33:32.9653529Z     console.log
2025-08-27T01:33:32.9653956Z       [CircuitBreaker] Service2 transitioning to OPEN
2025-08-27T01:33:32.9654309Z 
2025-08-27T01:33:32.9654741Z       at CircuitBreaker.transitionToOpen (src/utils/circuit-breaker.ts:157:13)
2025-08-27T01:33:32.9655241Z 
2025-08-27T01:33:32.9655372Z     console.log
2025-08-27T01:33:32.9655892Z       [CircuitBreaker] Service2 will retry at 2025-08-27T01:34:32.940Z
2025-08-27T01:33:32.9656302Z 
2025-08-27T01:33:32.9656717Z       at CircuitBreaker.transitionToOpen (src/utils/circuit-breaker.ts:162:13)
2025-08-27T01:33:32.9657210Z 
2025-08-27T01:33:32.9657331Z     console.log
2025-08-27T01:33:32.9658120Z       [CircuitBreaker] Service1 transitioning to CLOSED
2025-08-27T01:33:32.9658474Z 
2025-08-27T01:33:32.9658914Z       at CircuitBreaker.transitionToClosed (src/utils/circuit-breaker.ts:145:13)
2025-08-27T01:33:32.9660035Z           at Map.forEach (<anonymous>)
2025-08-27T01:33:32.9660319Z 
2025-08-27T01:33:32.9660439Z     console.log
2025-08-27T01:33:32.9660877Z       [CircuitBreaker] Service2 transitioning to CLOSED
2025-08-27T01:33:32.9661234Z 
2025-08-27T01:33:32.9661664Z       at CircuitBreaker.transitionToClosed (src/utils/circuit-breaker.ts:145:13)
2025-08-27T01:33:32.9662361Z           at Map.forEach (<anonymous>)
2025-08-27T01:33:32.9662643Z 
2025-08-27T01:33:32.9662776Z     console.error
2025-08-27T01:33:32.9663168Z       [CircuitBreaker] Service1 failure (1/1)
2025-08-27T01:33:32.9663476Z 
2025-08-27T01:33:32.9664324Z     [0m [90m 120 |[39m     [36mthis[39m[33m.[39mfailures [33m=[39m [36mthis[39m[33m.[39mfailureTimestamps[33m.[39mlength[33m;[39m
2025-08-27T01:33:32.9665160Z      [90m 121 |[39m     
2025-08-27T01:33:32.9665747Z     [31m[1m>[22m[39m[90m 122 |[39m     console[33m.[39merror(
2025-08-27T01:33:32.9666379Z      [90m     |[39m             [31m[1m^[22m[39m
2025-08-27T01:33:32.9667272Z      [90m 123 |[39m       [32m`[CircuitBreaker] ${this.config.serviceName} failure `[39m [33m+[39m
2025-08-27T01:33:32.9668236Z      [90m 124 |[39m       [32m`(${this.failures}/${this.config.failureThreshold})`[39m
2025-08-27T01:33:32.9668953Z      [90m 125 |[39m     )[33m;[39m[0m
2025-08-27T01:33:32.9692063Z 
2025-08-27T01:33:32.9692504Z       at CircuitBreaker.onFailure (src/utils/circuit-breaker.ts:122:13)
2025-08-27T01:33:32.9693373Z       at CircuitBreaker.execute (src/utils/circuit-breaker.ts:73:12)
2025-08-27T01:33:32.9694226Z       at Object.<anonymous> (src/utils/__tests__/circuit-breaker.test.ts:254:5)
2025-08-27T01:33:32.9694708Z 
2025-08-27T01:33:32.9694837Z     console.log
2025-08-27T01:33:32.9695316Z       [CircuitBreaker] Service1 transitioning to OPEN
2025-08-27T01:33:32.9695668Z 
2025-08-27T01:33:32.9696104Z       at CircuitBreaker.transitionToOpen (src/utils/circuit-breaker.ts:157:13)
2025-08-27T01:33:32.9696623Z 
2025-08-27T01:33:32.9696755Z     console.log
2025-08-27T01:33:32.9697283Z       [CircuitBreaker] Service1 will retry at 2025-08-27T01:34:32.942Z
2025-08-27T01:33:32.9697701Z 
2025-08-27T01:33:32.9698127Z       at CircuitBreaker.transitionToOpen (src/utils/circuit-breaker.ts:162:13)
2025-08-27T01:33:32.9698631Z 
2025-08-27T01:33:32.9730881Z PASS src/types/__tests__/sources.test.ts
2025-08-27T01:33:33.0337932Z PASS src/github/__tests__/github-manager.test.ts
2025-08-27T01:33:33.0610482Z   ● Console
2025-08-27T01:33:33.0610767Z 
2025-08-27T01:33:33.0610897Z     console.log
2025-08-27T01:33:33.0611379Z       Creating PR with branch: auto-update/week-2025-35
2025-08-27T01:33:33.0611747Z 
2025-08-27T01:33:33.0612207Z       at GitHubManager.createTimelineUpdatePR (src/github/github-manager.ts:110:13)
2025-08-27T01:33:33.0612799Z 
2025-08-27T01:33:33.0612941Z     console.log
2025-08-27T01:33:33.0613401Z       Created new branch: auto-update/week-2025-35
2025-08-27T01:33:33.0613747Z 
2025-08-27T01:33:33.0614214Z       at GitHubManager.createOrUpdateBranch (src/github/github-manager.ts:255:17)
2025-08-27T01:33:33.0614772Z 
2025-08-27T01:33:33.0614986Z     console.log
2025-08-27T01:33:33.0615415Z       Updated timeline file with 1 new events
2025-08-27T01:33:33.0615695Z 
2025-08-27T01:33:33.0616092Z       at GitHubManager.updateTimelineFile (src/github/github-manager.ts:314:15)
2025-08-27T01:33:33.0616521Z 
2025-08-27T01:33:33.0616632Z     console.log
2025-08-27T01:33:33.0617206Z       Added labels to PR #123: automated, weekly-update, category:research, impact:critical
2025-08-27T01:33:33.0617680Z 
2025-08-27T01:33:33.0618015Z       at GitHubManager.addLabels (src/github/github-manager.ts:479:15)
2025-08-27T01:33:33.0618413Z 
2025-08-27T01:33:33.0618519Z     console.log
2025-08-27T01:33:33.0619644Z       Successfully created PR #123: https://github.com/test-owner/test-repo/pull/123
2025-08-27T01:33:33.0620188Z 
2025-08-27T01:33:33.0620671Z       at GitHubManager.createTimelineUpdatePR (src/github/github-manager.ts:183:15)
2025-08-27T01:33:33.0621378Z 
2025-08-27T01:33:33.0621510Z     console.log
2025-08-27T01:33:33.0621951Z       Creating PR with branch: auto-update/week-2024-01
2025-08-27T01:33:33.0622304Z 
2025-08-27T01:33:33.0622755Z       at GitHubManager.createTimelineUpdatePR (src/github/github-manager.ts:110:13)
2025-08-27T01:33:33.0623287Z 
2025-08-27T01:33:33.0623411Z     console.log
2025-08-27T01:33:33.0623732Z       PR already exists: #100
2025-08-27T01:33:33.0623978Z 
2025-08-27T01:33:33.0624443Z       at GitHubManager.createTimelineUpdatePR (src/github/github-manager.ts:116:17)
2025-08-27T01:33:33.0624965Z 
2025-08-27T01:33:33.0625085Z     console.log
2025-08-27T01:33:33.0625523Z       Creating PR with branch: auto-update/week-2024-10
2025-08-27T01:33:33.0625874Z 
2025-08-27T01:33:33.0626331Z       at GitHubManager.createTimelineUpdatePR (src/github/github-manager.ts:110:13)
2025-08-27T01:33:33.0626853Z 
2025-08-27T01:33:33.0626976Z     console.log
2025-08-27T01:33:33.0627382Z       Created new branch: auto-update/week-2024-10
2025-08-27T01:33:33.0627708Z 
2025-08-27T01:33:33.0628151Z       at GitHubManager.createOrUpdateBranch (src/github/github-manager.ts:255:17)
2025-08-27T01:33:33.0628657Z 
2025-08-27T01:33:33.0628778Z     console.log
2025-08-27T01:33:33.0629333Z       Updated timeline file with 1 new events
2025-08-27T01:33:33.0629635Z 
2025-08-27T01:33:33.0630059Z       at GitHubManager.updateTimelineFile (src/github/github-manager.ts:314:15)
2025-08-27T01:33:33.0630540Z 
2025-08-27T01:33:33.0630662Z     console.log
2025-08-27T01:33:33.0631275Z       Added labels to PR #123: automated, weekly-update, category:research, impact:critical
2025-08-27T01:33:33.0631773Z 
2025-08-27T01:33:33.0632132Z       at GitHubManager.addLabels (src/github/github-manager.ts:479:15)
2025-08-27T01:33:33.0632573Z 
2025-08-27T01:33:33.0632701Z     console.log
2025-08-27T01:33:33.0633322Z       Successfully created PR #123: https://github.com/test-owner/test-repo/pull/123
2025-08-27T01:33:33.0633825Z 
2025-08-27T01:33:33.0634289Z       at GitHubManager.createTimelineUpdatePR (src/github/github-manager.ts:183:15)
2025-08-27T01:33:33.0634817Z 
2025-08-27T01:33:33.0634946Z     console.log
2025-08-27T01:33:33.0635384Z       Creating PR with branch: auto-update/week-2025-35
2025-08-27T01:33:33.0635726Z 
2025-08-27T01:33:33.0636179Z       at GitHubManager.createTimelineUpdatePR (src/github/github-manager.ts:110:13)
2025-08-27T01:33:33.0636709Z 
2025-08-27T01:33:33.0636835Z     console.error
2025-08-27T01:33:33.0637280Z       Error creating/updating branch: Error: API Error
2025-08-27T01:33:33.0638489Z           at Object.<anonymous> (/home/runner/work/ai-timeline-automation/ai-timeline-automation/src/github/__tests__/github-manager.test.ts:159:73)
2025-08-27T01:33:33.0640451Z           at Promise.then.completed (/home/runner/work/ai-timeline-automation/ai-timeline-automation/node_modules/jest-circus/build/utils.js:298:28)
2025-08-27T01:33:33.0641540Z           at new Promise (<anonymous>)
2025-08-27T01:33:33.0642663Z           at callAsyncCircusFn (/home/runner/work/ai-timeline-automation/ai-timeline-automation/node_modules/jest-circus/build/utils.js:231:10)
2025-08-27T01:33:33.0644305Z           at _callCircusTest (/home/runner/work/ai-timeline-automation/ai-timeline-automation/node_modules/jest-circus/build/run.js:316:40)
2025-08-27T01:33:33.0645523Z           at processTicksAndRejections (node:internal/process/task_queues:95:5)
2025-08-27T01:33:33.0646750Z           at _runTest (/home/runner/work/ai-timeline-automation/ai-timeline-automation/node_modules/jest-circus/build/run.js:252:3)
2025-08-27T01:33:33.0648376Z           at _runTestsForDescribeBlock (/home/runner/work/ai-timeline-automation/ai-timeline-automation/node_modules/jest-circus/build/run.js:126:9)
2025-08-27T01:33:33.0650522Z           at _runTestsForDescribeBlock (/home/runner/work/ai-timeline-automation/ai-timeline-automation/node_modules/jest-circus/build/run.js:121:9)
2025-08-27T01:33:33.0652279Z           at _runTestsForDescribeBlock (/home/runner/work/ai-timeline-automation/ai-timeline-automation/node_modules/jest-circus/build/run.js:121:9)
2025-08-27T01:33:33.0653977Z           at run (/home/runner/work/ai-timeline-automation/ai-timeline-automation/node_modules/jest-circus/build/run.js:71:3)
2025-08-27T01:33:33.0655941Z           at runAndTransformResultsToJestFormat (/home/runner/work/ai-timeline-automation/ai-timeline-automation/node_modules/jest-circus/build/legacy-code-todo-rewrite/jestAdapterInit.js:122:21)
2025-08-27T01:33:33.0658167Z           at jestAdapter (/home/runner/work/ai-timeline-automation/ai-timeline-automation/node_modules/jest-circus/build/legacy-code-todo-rewrite/jestAdapter.js:79:19)
2025-08-27T01:33:33.0660210Z           at runTestInternal (/home/runner/work/ai-timeline-automation/ai-timeline-automation/node_modules/jest-runner/build/runTest.js:367:16)
2025-08-27T01:33:33.0661809Z           at runTest (/home/runner/work/ai-timeline-automation/ai-timeline-automation/node_modules/jest-runner/build/runTest.js:444:34)
2025-08-27T01:33:33.0663397Z           at Object.worker (/home/runner/work/ai-timeline-automation/ai-timeline-automation/node_modules/jest-runner/build/testWorker.js:106:12)
2025-08-27T01:33:33.0664203Z 
2025-08-27T01:33:33.0664548Z     [0m [90m 270 |[39m       }
2025-08-27T01:33:33.0665096Z      [90m 271 |[39m     } [36mcatch[39m (error) {
2025-08-27T01:33:33.0666223Z     [31m[1m>[22m[39m[90m 272 |[39m       console[33m.[39merror([32m'Error creating/updating branch:'[39m[33m,[39m error)[33m;[39m
2025-08-27T01:33:33.0667167Z      [90m     |[39m               [31m[1m^[22m[39m
2025-08-27T01:33:33.0668236Z      [90m 273 |[39m       [36mthrow[39m [36mnew[39m [33mError[39m([32m`Failed to create/update branch: ${error}`[39m)[33m;[39m
2025-08-27T01:33:33.0669206Z      [90m 274 |[39m     }
2025-08-27T01:33:33.0669626Z      [90m 275 |[39m   }[0m
2025-08-27T01:33:33.0669856Z 
2025-08-27T01:33:33.0670301Z       at GitHubManager.createOrUpdateBranch (src/github/github-manager.ts:272:15)
2025-08-27T01:33:33.0671251Z       at GitHubManager.createTimelineUpdatePR (src/github/github-manager.ts:157:7)
2025-08-27T01:33:33.0672155Z       at Object.<anonymous> (src/github/__tests__/github-manager.test.ts:161:7)
2025-08-27T01:33:33.0672616Z 
2025-08-27T01:33:33.0672749Z     console.error
2025-08-27T01:33:33.0673422Z       Error creating timeline update PR: Error: Failed to create/update branch: Error: API Error
2025-08-27T01:33:33.0674869Z           at GitHubManager.createOrUpdateBranch (/home/runner/work/ai-timeline-automation/ai-timeline-automation/src/github/github-manager.ts:273:13)
2025-08-27T01:33:33.0676169Z           at processTicksAndRejections (node:internal/process/task_queues:95:5)
2025-08-27T01:33:33.0677547Z           at GitHubManager.createTimelineUpdatePR (/home/runner/work/ai-timeline-automation/ai-timeline-automation/src/github/github-manager.ts:157:7)
2025-08-27T01:33:33.0679460Z           at Object.<anonymous> (/home/runner/work/ai-timeline-automation/ai-timeline-automation/src/github/__tests__/github-manager.test.ts:161:7)
2025-08-27T01:33:33.0680321Z 
2025-08-27T01:33:33.0680599Z     [0m [90m 192 |[39m       }[33m;[39m
2025-08-27T01:33:33.0681174Z      [90m 193 |[39m     } [36mcatch[39m (error) {
2025-08-27T01:33:33.0682451Z     [31m[1m>[22m[39m[90m 194 |[39m       console[33m.[39merror([32m'Error creating timeline update PR:'[39m[33m,[39m error)[33m;[39m
2025-08-27T01:33:33.0683408Z      [90m     |[39m               [31m[1m^[22m[39m
2025-08-27T01:33:33.0684034Z      [90m 195 |[39m       [36mthrow[39m error[33m;[39m
2025-08-27T01:33:33.0684538Z      [90m 196 |[39m     }
2025-08-27T01:33:33.0684932Z      [90m 197 |[39m   }[0m
2025-08-27T01:33:33.0685169Z 
2025-08-27T01:33:33.0685629Z       at GitHubManager.createTimelineUpdatePR (src/github/github-manager.ts:194:15)
2025-08-27T01:33:33.0686747Z       at Object.<anonymous> (src/github/__tests__/github-manager.test.ts:161:7)
2025-08-27T01:33:33.0687219Z 
2025-08-27T01:33:33.0687351Z     console.log
2025-08-27T01:33:33.0687798Z       Creating PR with branch: auto-update/week-2025-35
2025-08-27T01:33:33.0688297Z 
2025-08-27T01:33:33.0688754Z       at GitHubManager.createTimelineUpdatePR (src/github/github-manager.ts:110:13)
2025-08-27T01:33:33.0689470Z 
2025-08-27T01:33:33.0689597Z     console.error
2025-08-27T01:33:33.0690278Z       Error creating timeline update PR: Error: Event validation failed: Event ID already exists
2025-08-27T01:33:33.0691748Z           at GitHubManager.createTimelineUpdatePR (/home/runner/work/ai-timeline-automation/ai-timeline-automation/src/github/github-manager.ts:135:15)
2025-08-27T01:33:33.0693069Z           at processTicksAndRejections (node:internal/process/task_queues:95:5)
2025-08-27T01:33:33.0694407Z           at Object.<anonymous> (/home/runner/work/ai-timeline-automation/ai-timeline-automation/src/github/__tests__/github-manager.test.ts:174:7)
2025-08-27T01:33:33.0695255Z 
2025-08-27T01:33:33.0695544Z     [0m [90m 192 |[39m       }[33m;[39m
2025-08-27T01:33:33.0696118Z      [90m 193 |[39m     } [36mcatch[39m (error) {
2025-08-27T01:33:33.0697295Z     [31m[1m>[22m[39m[90m 194 |[39m       console[33m.[39merror([32m'Error creating timeline update PR:'[39m[33m,[39m error)[33m;[39m
2025-08-27T01:33:33.0698248Z      [90m     |[39m               [31m[1m^[22m[39m
2025-08-27T01:33:33.0698884Z      [90m 195 |[39m       [36mthrow[39m error[33m;[39m
2025-08-27T01:33:33.0703347Z      [90m 196 |[39m     }
2025-08-27T01:33:33.0703798Z      [90m 197 |[39m   }[0m
2025-08-27T01:33:33.0704043Z 
2025-08-27T01:33:33.0704544Z       at GitHubManager.createTimelineUpdatePR (src/github/github-manager.ts:194:15)
2025-08-27T01:33:33.0705494Z       at Object.<anonymous> (src/github/__tests__/github-manager.test.ts:174:7)
2025-08-27T01:33:33.0705946Z 
2025-08-27T01:33:33.0706078Z     console.log
2025-08-27T01:33:33.0706537Z       Creating PR with branch: auto-update/week-2025-35
2025-08-27T01:33:33.0706894Z 
2025-08-27T01:33:33.0707356Z       at GitHubManager.createTimelineUpdatePR (src/github/github-manager.ts:110:13)
2025-08-27T01:33:33.0707892Z 
2025-08-27T01:33:33.0708015Z     console.log
2025-08-27T01:33:33.0708394Z       All events already exist in timeline
2025-08-27T01:33:33.0708687Z 
2025-08-27T01:33:33.0709327Z       at GitHubManager.createTimelineUpdatePR (src/github/github-manager.ts:152:17)
2025-08-27T01:33:33.0709851Z 
2025-08-27T01:33:33.0709978Z     console.error
2025-08-27T01:33:33.0710506Z       Error creating timeline update PR: Error: No new events to add
2025-08-27T01:33:33.0711914Z           at GitHubManager.createTimelineUpdatePR (/home/runner/work/ai-timeline-automation/ai-timeline-automation/src/github/github-manager.ts:153:15)
2025-08-27T01:33:33.0713256Z           at processTicksAndRejections (node:internal/process/task_queues:95:5)
2025-08-27T01:33:33.0714573Z           at Object.<anonymous> (/home/runner/work/ai-timeline-automation/ai-timeline-automation/src/github/__tests__/github-manager.test.ts:183:7)
2025-08-27T01:33:33.0715468Z 
2025-08-27T01:33:33.0715751Z     [0m [90m 192 |[39m       }[33m;[39m
2025-08-27T01:33:33.0716339Z      [90m 193 |[39m     } [36mcatch[39m (error) {
2025-08-27T01:33:33.0717484Z     [31m[1m>[22m[39m[90m 194 |[39m       console[33m.[39merror([32m'Error creating timeline update PR:'[39m[33m,[39m error)[33m;[39m
2025-08-27T01:33:33.0718426Z      [90m     |[39m               [31m[1m^[22m[39m
2025-08-27T01:33:33.0719197Z      [90m 195 |[39m       [36mthrow[39m error[33m;[39m
2025-08-27T01:33:33.0719715Z      [90m 196 |[39m     }
2025-08-27T01:33:33.0720110Z      [90m 197 |[39m   }[0m
2025-08-27T01:33:33.0720349Z 
2025-08-27T01:33:33.0720836Z       at GitHubManager.createTimelineUpdatePR (src/github/github-manager.ts:194:15)
2025-08-27T01:33:33.0723996Z       at Object.<anonymous> (src/github/__tests__/github-manager.test.ts:183:7)
2025-08-27T01:33:33.0724562Z 
2025-08-27T01:33:33.1261222Z 
2025-08-27T01:33:33.1265484Z Test Suites: 7 passed, 7 total
2025-08-27T01:33:33.1266040Z Tests:       90 passed, 90 total
2025-08-27T01:33:33.1267052Z Snapshots:   0 total
2025-08-27T01:33:33.1267440Z Time:        7.778 s
2025-08-27T01:33:33.1267807Z Ran all test suites.
2025-08-27T01:33:33.1502494Z ##[group]Run actions/upload-artifact@v4
2025-08-27T01:33:33.1502785Z with:
2025-08-27T01:33:33.1502966Z   name: coverage-report
2025-08-27T01:33:33.1503174Z   path: coverage/
2025-08-27T01:33:33.1503364Z   retention-days: 7
2025-08-27T01:33:33.1503552Z   if-no-files-found: warn
2025-08-27T01:33:33.1503767Z   compression-level: 6
2025-08-27T01:33:33.1503970Z   overwrite: false
2025-08-27T01:33:33.1504158Z   include-hidden-files: false
2025-08-27T01:33:33.1504365Z env:
2025-08-27T01:33:33.1504522Z   NODE_VERSION: 18
2025-08-27T01:33:33.1504699Z   TIMEZONE: UTC
2025-08-27T01:33:33.1504871Z ##[endgroup]
2025-08-27T01:33:33.3593843Z ##[warning]No files were found with the provided path: coverage/. No artifacts will be uploaded.
2025-08-27T01:33:33.3719929Z Post job cleanup.
2025-08-27T01:33:33.5200516Z Cache hit occurred on the primary key node-cache-Linux-x64-npm-9a184c0137eb37835a41e0e67607ffeb692d32010b5dd5bc1072141397c26497, not saving cache.
2025-08-27T01:33:33.5300842Z Post job cleanup.
2025-08-27T01:33:33.6226583Z [command]/usr/bin/git version
2025-08-27T01:33:33.6266716Z git version 2.51.0
2025-08-27T01:33:33.6312056Z Temporarily overriding HOME='/home/runner/work/_temp/5d0d49eb-f5ff-4dd2-b900-47ae40833e4c' before making global git config changes
2025-08-27T01:33:33.6314358Z Adding repository directory to the temporary git global config as a safe directory
2025-08-27T01:33:33.6319249Z [command]/usr/bin/git config --global --add safe.directory /home/runner/work/ai-timeline-automation/ai-timeline-automation
2025-08-27T01:33:33.6362027Z [command]/usr/bin/git config --local --name-only --get-regexp core\.sshCommand
2025-08-27T01:33:33.6401701Z [command]/usr/bin/git submodule foreach --recursive sh -c "git config --local --name-only --get-regexp 'core\.sshCommand' && git config --local --unset-all 'core.sshCommand' || :"
2025-08-27T01:33:33.6643195Z [command]/usr/bin/git config --local --name-only --get-regexp http\.https\:\/\/github\.com\/\.extraheader
2025-08-27T01:33:33.6666064Z http.https://github.com/.extraheader
2025-08-27T01:33:33.6692603Z [command]/usr/bin/git config --local --unset-all http.https://github.com/.extraheader
2025-08-27T01:33:33.6745474Z [command]/usr/bin/git submodule foreach --recursive sh -c "git config --local --name-only --get-regexp 'http\.https\:\/\/github\.com\/\.extraheader' && git config --local --unset-all 'http.https://github.com/.extraheader' || :"
2025-08-27T01:33:33.7071577Z Cleaning up orphan processes
